// TUI Test Snapshot v1

exports[`Chat Flow › user message appears in chat after sending | 1`] = String.raw`
╭────────────────────────────────────────────────────────────────────────────────────────────────────╮
│                        │┌─────────────────────────────────────────────────────────────────────────┐│
│ Personas               ││                                                                         ││
│                        ││ Ei (04:12):                                                             ││
│                        ││   Hello! I'm ready for testing.                                         ││
│  * Ei                  ││                                                                         ││
│                        ││ Human (04:12):                                                          ││
│                        ││   Hello from the test!                                                  ││
│                        ││                                                                         ││
│                        ││ Ei (04:12):                                                             ││
│                        ││   UNIQUE_E2E_TEST_RESPONSE_XYZ123                                       ││
│                        ││                                                                         ││
│                        ││ Human (04:12):                                                          ││
│                        ││   This is my unique test message ABC789                                 ││
│                        ││                                                                         ││
│                        ││                                                                         ││
│                        ││                                                                         ││
│                        ││                                                                         ││
│                        ││                                                                         ││
│                        ││                                                                         ││
│                        ││                                                                         ││
│                        ││                                                                         ││
│                        ││                                                                         ││
│                        ││                                                                         ││
│                        ││                                                                         ││
│                        ││                                                                         ││
│                        │└─────────────────────────────────────────────────────────────────────────┘│
│                        │───────────────────────────────────────────────────────────────────────────│
│                        │ Type your message... (Enter to send, Ctrl+E for editor)                   │
│                        │                                                                           │
│ Ei                                                                         [Input]  Processing (7) │
╰────────────────────────────────────────────────────────────────────────────────────────────────────╯
`;

